TimeQuest Timing Analyzer report for LogicProject
Sat Apr 29 19:58:50 2017
Quartus II 64-Bit Version 13.0.1 Build 232 06/12/2013 Service Pack 1 SJ Web Edition


---------------------
; Table of Contents ;
---------------------
  1. Legal Notice
  2. TimeQuest Timing Analyzer Summary
  3. Parallel Compilation
  4. Clocks
  5. Slow Model Fmax Summary
  6. Slow Model Setup Summary
  7. Slow Model Hold Summary
  8. Slow Model Recovery Summary
  9. Slow Model Removal Summary
 10. Slow Model Minimum Pulse Width Summary
 11. Propagation Delay
 12. Minimum Propagation Delay
 13. Fast Model Setup Summary
 14. Fast Model Hold Summary
 15. Fast Model Recovery Summary
 16. Fast Model Removal Summary
 17. Fast Model Minimum Pulse Width Summary
 18. Propagation Delay
 19. Minimum Propagation Delay
 20. Multicorner Timing Analysis Summary
 21. Progagation Delay
 22. Minimum Progagation Delay
 23. Clock Transfers
 24. Report TCCS
 25. Report RSKM
 26. Unconstrained Paths
 27. TimeQuest Timing Analyzer Messages



----------------
; Legal Notice ;
----------------
Copyright (C) 1991-2013 Altera Corporation
Your use of Altera Corporation's design tools, logic functions 
and other software and tools, and its AMPP partner logic 
functions, and any output files from any of the foregoing 
(including device programming or simulation files), and any 
associated documentation or information are expressly subject 
to the terms and conditions of the Altera Program License 
Subscription Agreement, Altera MegaCore Function License 
Agreement, or other applicable license agreement, including, 
without limitation, that your use is for the sole purpose of 
programming logic devices manufactured by Altera and sold by 
Altera or its authorized distributors.  Please refer to the 
applicable agreement for further details.



+----------------------------------------------------------------------------------------+
; TimeQuest Timing Analyzer Summary                                                      ;
+--------------------+-------------------------------------------------------------------+
; Quartus II Version ; Version 13.0.1 Build 232 06/12/2013 Service Pack 1 SJ Web Edition ;
; Revision Name      ; LogicProject                                                      ;
; Device Family      ; Cyclone II                                                        ;
; Device Name        ; EP2C5T144C6                                                       ;
; Timing Models      ; Final                                                             ;
; Delay Model        ; Combined                                                          ;
; Rise/Fall Delays   ; Unavailable                                                       ;
+--------------------+-------------------------------------------------------------------+


Parallel compilation was disabled, but you have multiple processors available. Enable parallel compilation to reduce compilation time.
+-------------------------------------+
; Parallel Compilation                ;
+----------------------------+--------+
; Processors                 ; Number ;
+----------------------------+--------+
; Number detected on machine ; 8      ;
; Maximum allowed            ; 1      ;
+----------------------------+--------+


----------
; Clocks ;
----------
No clocks to report.


---------------------------
; Slow Model Fmax Summary ;
---------------------------
No paths to report.


----------------------------
; Slow Model Setup Summary ;
----------------------------
No paths to report.


---------------------------
; Slow Model Hold Summary ;
---------------------------
No paths to report.


-------------------------------
; Slow Model Recovery Summary ;
-------------------------------
No paths to report.


------------------------------
; Slow Model Removal Summary ;
------------------------------
No paths to report.


------------------------------------------
; Slow Model Minimum Pulse Width Summary ;
------------------------------------------
No paths to report.


+---------------------------------------------------------------------+
; Propagation Delay                                                   ;
+-----------------+---------------+--------+--------+--------+--------+
; Input Port      ; Output Port   ; RR     ; RF     ; FR     ; FF     ;
+-----------------+---------------+--------+--------+--------+--------+
; instruction[3]  ; enDEC         ; 10.623 ;        ;        ; 10.623 ;
; instruction[3]  ; enINC         ;        ; 10.620 ; 10.620 ;        ;
; instruction[3]  ; enNEG         ; 10.255 ;        ;        ; 10.255 ;
; instruction[3]  ; enOUT         ;        ; 10.372 ; 10.372 ;        ;
; instruction[3]  ; enROL         ;        ; 11.066 ; 11.066 ;        ;
; instruction[3]  ; enROR         ; 9.898  ;        ;        ; 9.898  ;
; instruction[4]  ; enDEC         ;        ; 11.000 ; 11.000 ;        ;
; instruction[4]  ; enINC         ;        ; 11.001 ; 11.001 ;        ;
; instruction[4]  ; enNEG         ; 10.786 ;        ;        ; 10.786 ;
; instruction[4]  ; enOUT         ;        ; 10.760 ; 10.760 ;        ;
; instruction[4]  ; enROL         ;        ; 11.453 ; 11.453 ;        ;
; instruction[4]  ; enROR         ;        ; 10.273 ; 10.273 ;        ;
; instruction[5]  ; enDEC         ;        ; 12.419 ; 12.419 ;        ;
; instruction[5]  ; enINC         ;        ; 12.420 ; 12.420 ;        ;
; instruction[5]  ; enNEG         ;        ; 11.288 ; 11.288 ;        ;
; instruction[5]  ; enOUT         ;        ; 12.179 ; 12.179 ;        ;
; instruction[5]  ; enROL         ;        ; 12.444 ; 12.444 ;        ;
; instruction[5]  ; enROR         ;        ; 11.271 ; 11.271 ;        ;
; instruction[6]  ; enADD         ; 11.834 ;        ;        ; 11.834 ;
; instruction[6]  ; enDEC         ; 11.505 ;        ;        ; 11.505 ;
; instruction[6]  ; enINC         ; 11.506 ;        ;        ; 11.506 ;
; instruction[6]  ; enMOVREGTOREG ; 11.402 ;        ;        ; 11.402 ;
; instruction[6]  ; enNEG         ; 10.103 ;        ;        ; 10.103 ;
; instruction[6]  ; enOUT         ; 11.265 ;        ;        ; 11.265 ;
; instruction[6]  ; enROL         ; 14.018 ;        ;        ; 14.018 ;
; instruction[6]  ; enROR         ; 12.840 ;        ;        ; 12.840 ;
; instruction[6]  ; enXOR         ; 11.418 ;        ;        ; 11.418 ;
; instruction[7]  ; enADD         ; 11.818 ;        ;        ; 11.818 ;
; instruction[7]  ; enDEC         ; 11.484 ;        ;        ; 11.484 ;
; instruction[7]  ; enINC         ; 11.485 ;        ;        ; 11.485 ;
; instruction[7]  ; enMOVREGTOREG ; 11.386 ;        ;        ; 11.386 ;
; instruction[7]  ; enNEG         ; 10.082 ;        ;        ; 10.082 ;
; instruction[7]  ; enOUT         ; 11.244 ;        ;        ; 11.244 ;
; instruction[7]  ; enROL         ; 14.002 ;        ;        ; 14.002 ;
; instruction[7]  ; enROR         ; 12.824 ;        ;        ; 12.824 ;
; instruction[7]  ; enXOR         ; 11.402 ;        ;        ; 11.402 ;
; instruction[8]  ; enADD         ;        ; 11.694 ; 11.694 ;        ;
; instruction[8]  ; enDEC         ;        ; 11.360 ; 11.360 ;        ;
; instruction[8]  ; enINC         ;        ; 11.361 ; 11.361 ;        ;
; instruction[8]  ; enMOVREGTOREG ;        ; 11.262 ; 11.262 ;        ;
; instruction[8]  ; enNEG         ;        ; 9.958  ; 9.958  ;        ;
; instruction[8]  ; enOUT         ;        ; 11.120 ; 11.120 ;        ;
; instruction[8]  ; enROL         ;        ; 13.878 ; 13.878 ;        ;
; instruction[8]  ; enROR         ;        ; 12.700 ; 12.700 ;        ;
; instruction[8]  ; enXOR         ;        ; 11.278 ; 11.278 ;        ;
; instruction[9]  ; enADD         ;        ; 11.475 ; 11.475 ;        ;
; instruction[9]  ; enDEC         ; 11.141 ;        ;        ; 11.141 ;
; instruction[9]  ; enINC         ; 11.142 ;        ;        ; 11.142 ;
; instruction[9]  ; enMOVREGTOREG ;        ; 11.043 ; 11.043 ;        ;
; instruction[9]  ; enNEG         ; 9.739  ;        ;        ; 9.739  ;
; instruction[9]  ; enOUT         ; 10.901 ;        ;        ; 10.901 ;
; instruction[9]  ; enROL         ;        ; 13.659 ; 13.659 ;        ;
; instruction[9]  ; enROR         ;        ; 12.481 ; 12.481 ;        ;
; instruction[9]  ; enXOR         ;        ; 11.059 ; 11.059 ;        ;
; instruction[10] ; enADD         ;        ; 10.764 ; 10.764 ;        ;
; instruction[10] ; enDEC         ; 12.100 ;        ;        ; 12.100 ;
; instruction[10] ; enINC         ; 12.101 ;        ;        ; 12.101 ;
; instruction[10] ; enMOVREGTOREG ;        ; 10.330 ; 10.330 ;        ;
; instruction[10] ; enNEG         ; 10.969 ;        ;        ; 10.969 ;
; instruction[10] ; enOUT         ; 11.860 ;        ;        ; 11.860 ;
; instruction[10] ; enROL         ;        ; 12.308 ; 12.308 ;        ;
; instruction[10] ; enROR         ;        ; 11.130 ; 11.130 ;        ;
; instruction[10] ; enXOR         ;        ; 9.701  ; 9.701  ;        ;
; instruction[11] ; enADD         ;        ; 10.693 ; 10.693 ;        ;
; instruction[11] ; enDEC         ; 10.662 ;        ;        ; 10.662 ;
; instruction[11] ; enINC         ; 10.653 ;        ;        ; 10.653 ;
; instruction[11] ; enMOVDATA     ;        ; 10.574 ; 10.574 ;        ;
; instruction[11] ; enMOVREGTOREG ; 10.265 ;        ;        ; 10.265 ;
; instruction[11] ; enNEG         ;        ; 10.545 ; 10.545 ;        ;
; instruction[11] ; enOUT         ;        ; 10.398 ; 10.398 ;        ;
; instruction[11] ; enROL         ;        ; 11.503 ; 11.503 ;        ;
; instruction[11] ; enROR         ;        ; 10.323 ; 10.323 ;        ;
; instruction[11] ; enXOR         ;        ; 10.904 ; 10.904 ;        ;
; instruction[12] ; enADD         ;        ; 10.356 ; 10.356 ;        ;
; instruction[12] ; enDEC         ; 10.539 ;        ;        ; 10.539 ;
; instruction[12] ; enINC         ; 10.542 ;        ;        ; 10.542 ;
; instruction[12] ; enMOVDATA     ; 9.709  ;        ;        ; 9.709  ;
; instruction[12] ; enMOVREGTOREG ;        ; 9.923  ; 9.923  ;        ;
; instruction[12] ; enNEG         ; 10.444 ;        ;        ; 10.444 ;
; instruction[12] ; enOUT         ;        ; 10.298 ; 10.298 ;        ;
; instruction[12] ; enROL         ; 11.395 ;        ;        ; 11.395 ;
; instruction[12] ; enROR         ; 10.215 ;        ;        ; 10.215 ;
; instruction[12] ; enXOR         ; 10.038 ;        ;        ; 10.038 ;
; instruction[13] ; enADD         ;        ; 11.154 ; 11.154 ;        ;
; instruction[13] ; enDEC         ; 12.652 ;        ;        ; 12.652 ;
; instruction[13] ; enINC         ; 12.653 ;        ;        ; 12.653 ;
; instruction[13] ; enMOVDATA     ; 10.034 ;        ;        ; 10.034 ;
; instruction[13] ; enMOVREGTOREG ;        ; 10.718 ; 10.718 ;        ;
; instruction[13] ; enNEG         ; 11.521 ;        ;        ; 11.521 ;
; instruction[13] ; enOUT         ; 12.412 ;        ;        ; 12.412 ;
; instruction[13] ; enROL         ;        ; 12.699 ; 12.699 ;        ;
; instruction[13] ; enROR         ;        ; 11.521 ; 11.521 ;        ;
; instruction[13] ; enXOR         ; 10.746 ;        ;        ; 10.746 ;
; instruction[14] ; enADD         ;        ; 10.715 ; 10.715 ;        ;
; instruction[14] ; enDEC         ; 12.136 ;        ;        ; 12.136 ;
; instruction[14] ; enINC         ; 12.137 ;        ;        ; 12.137 ;
; instruction[14] ; enMOVDATA     ;        ; 9.683  ; 9.683  ;        ;
; instruction[14] ; enMOVREGTOREG ;        ; 10.282 ; 10.282 ;        ;
; instruction[14] ; enNEG         ; 11.005 ;        ;        ; 11.005 ;
; instruction[14] ; enOUT         ; 11.896 ;        ;        ; 11.896 ;
; instruction[14] ; enROL         ; 12.637 ;        ;        ; 12.637 ;
; instruction[14] ; enROR         ; 11.464 ;        ;        ; 11.464 ;
; instruction[14] ; enXOR         ;        ; 10.401 ; 10.401 ;        ;
; instruction[15] ; enADD         ;        ; 10.918 ; 10.918 ;        ;
; instruction[15] ; enDEC         ; 10.886 ;        ;        ; 10.886 ;
; instruction[15] ; enINC         ; 10.887 ;        ;        ; 10.887 ;
; instruction[15] ; enMOVDATA     ; 10.164 ;        ;        ; 10.164 ;
; instruction[15] ; enMOVREGTOREG ; 10.486 ;        ;        ; 10.486 ;
; instruction[15] ; enNEG         ; 9.728  ;        ;        ; 9.728  ;
; instruction[15] ; enOUT         ; 10.646 ;        ;        ; 10.646 ;
; instruction[15] ; enROL         ; 11.340 ;        ;        ; 11.340 ;
; instruction[15] ; enROR         ; 10.160 ;        ;        ; 10.160 ;
; instruction[15] ; enXOR         ;        ; 9.859  ; 9.859  ;        ;
+-----------------+---------------+--------+--------+--------+--------+


+---------------------------------------------------------------------+
; Minimum Propagation Delay                                           ;
+-----------------+---------------+--------+--------+--------+--------+
; Input Port      ; Output Port   ; RR     ; RF     ; FR     ; FF     ;
+-----------------+---------------+--------+--------+--------+--------+
; instruction[3]  ; enDEC         ; 10.623 ;        ;        ; 10.623 ;
; instruction[3]  ; enINC         ;        ; 10.620 ; 10.620 ;        ;
; instruction[3]  ; enNEG         ; 10.255 ;        ;        ; 10.255 ;
; instruction[3]  ; enOUT         ;        ; 10.372 ; 10.372 ;        ;
; instruction[3]  ; enROL         ;        ; 11.066 ; 11.066 ;        ;
; instruction[3]  ; enROR         ; 9.898  ;        ;        ; 9.898  ;
; instruction[4]  ; enDEC         ;        ; 11.000 ; 11.000 ;        ;
; instruction[4]  ; enINC         ;        ; 11.001 ; 11.001 ;        ;
; instruction[4]  ; enNEG         ; 10.786 ;        ;        ; 10.786 ;
; instruction[4]  ; enOUT         ;        ; 10.760 ; 10.760 ;        ;
; instruction[4]  ; enROL         ;        ; 11.453 ; 11.453 ;        ;
; instruction[4]  ; enROR         ;        ; 10.273 ; 10.273 ;        ;
; instruction[5]  ; enDEC         ;        ; 12.419 ; 12.419 ;        ;
; instruction[5]  ; enINC         ;        ; 12.420 ; 12.420 ;        ;
; instruction[5]  ; enNEG         ;        ; 11.288 ; 11.288 ;        ;
; instruction[5]  ; enOUT         ;        ; 12.179 ; 12.179 ;        ;
; instruction[5]  ; enROL         ;        ; 12.444 ; 12.444 ;        ;
; instruction[5]  ; enROR         ;        ; 11.271 ; 11.271 ;        ;
; instruction[6]  ; enADD         ; 11.834 ;        ;        ; 11.834 ;
; instruction[6]  ; enDEC         ; 11.505 ;        ;        ; 11.505 ;
; instruction[6]  ; enINC         ; 11.506 ;        ;        ; 11.506 ;
; instruction[6]  ; enMOVREGTOREG ; 11.402 ;        ;        ; 11.402 ;
; instruction[6]  ; enNEG         ; 10.103 ;        ;        ; 10.103 ;
; instruction[6]  ; enOUT         ; 11.265 ;        ;        ; 11.265 ;
; instruction[6]  ; enROL         ; 14.018 ;        ;        ; 14.018 ;
; instruction[6]  ; enROR         ; 12.840 ;        ;        ; 12.840 ;
; instruction[6]  ; enXOR         ; 11.418 ;        ;        ; 11.418 ;
; instruction[7]  ; enADD         ; 11.818 ;        ;        ; 11.818 ;
; instruction[7]  ; enDEC         ; 11.484 ;        ;        ; 11.484 ;
; instruction[7]  ; enINC         ; 11.485 ;        ;        ; 11.485 ;
; instruction[7]  ; enMOVREGTOREG ; 11.386 ;        ;        ; 11.386 ;
; instruction[7]  ; enNEG         ; 10.082 ;        ;        ; 10.082 ;
; instruction[7]  ; enOUT         ; 11.244 ;        ;        ; 11.244 ;
; instruction[7]  ; enROL         ; 14.002 ;        ;        ; 14.002 ;
; instruction[7]  ; enROR         ; 12.824 ;        ;        ; 12.824 ;
; instruction[7]  ; enXOR         ; 11.402 ;        ;        ; 11.402 ;
; instruction[8]  ; enADD         ;        ; 11.694 ; 11.694 ;        ;
; instruction[8]  ; enDEC         ;        ; 11.360 ; 11.360 ;        ;
; instruction[8]  ; enINC         ;        ; 11.361 ; 11.361 ;        ;
; instruction[8]  ; enMOVREGTOREG ;        ; 11.262 ; 11.262 ;        ;
; instruction[8]  ; enNEG         ;        ; 9.958  ; 9.958  ;        ;
; instruction[8]  ; enOUT         ;        ; 11.120 ; 11.120 ;        ;
; instruction[8]  ; enROL         ;        ; 13.878 ; 13.878 ;        ;
; instruction[8]  ; enROR         ;        ; 12.700 ; 12.700 ;        ;
; instruction[8]  ; enXOR         ;        ; 11.278 ; 11.278 ;        ;
; instruction[9]  ; enADD         ;        ; 11.475 ; 11.475 ;        ;
; instruction[9]  ; enDEC         ; 11.141 ;        ;        ; 11.141 ;
; instruction[9]  ; enINC         ; 11.142 ;        ;        ; 11.142 ;
; instruction[9]  ; enMOVREGTOREG ;        ; 11.043 ; 11.043 ;        ;
; instruction[9]  ; enNEG         ; 9.739  ;        ;        ; 9.739  ;
; instruction[9]  ; enOUT         ; 10.901 ;        ;        ; 10.901 ;
; instruction[9]  ; enROL         ;        ; 13.659 ; 13.659 ;        ;
; instruction[9]  ; enROR         ;        ; 12.481 ; 12.481 ;        ;
; instruction[9]  ; enXOR         ;        ; 11.059 ; 11.059 ;        ;
; instruction[10] ; enADD         ;        ; 10.764 ; 10.764 ;        ;
; instruction[10] ; enDEC         ; 12.100 ;        ;        ; 12.100 ;
; instruction[10] ; enINC         ; 12.101 ;        ;        ; 12.101 ;
; instruction[10] ; enMOVREGTOREG ;        ; 10.330 ; 10.330 ;        ;
; instruction[10] ; enNEG         ; 10.969 ;        ;        ; 10.969 ;
; instruction[10] ; enOUT         ; 11.860 ;        ;        ; 11.860 ;
; instruction[10] ; enROL         ;        ; 12.308 ; 12.308 ;        ;
; instruction[10] ; enROR         ;        ; 11.130 ; 11.130 ;        ;
; instruction[10] ; enXOR         ;        ; 9.701  ; 9.701  ;        ;
; instruction[11] ; enADD         ;        ; 10.693 ; 10.693 ;        ;
; instruction[11] ; enDEC         ; 10.662 ;        ;        ; 10.662 ;
; instruction[11] ; enINC         ; 10.653 ;        ;        ; 10.653 ;
; instruction[11] ; enMOVDATA     ;        ; 10.574 ; 10.574 ;        ;
; instruction[11] ; enMOVREGTOREG ; 10.265 ;        ;        ; 10.265 ;
; instruction[11] ; enNEG         ;        ; 10.545 ; 10.545 ;        ;
; instruction[11] ; enOUT         ;        ; 10.398 ; 10.398 ;        ;
; instruction[11] ; enROL         ;        ; 11.503 ; 11.503 ;        ;
; instruction[11] ; enROR         ;        ; 10.323 ; 10.323 ;        ;
; instruction[11] ; enXOR         ;        ; 10.904 ; 10.904 ;        ;
; instruction[12] ; enADD         ;        ; 10.356 ; 10.356 ;        ;
; instruction[12] ; enDEC         ; 10.539 ;        ;        ; 10.539 ;
; instruction[12] ; enINC         ; 10.542 ;        ;        ; 10.542 ;
; instruction[12] ; enMOVDATA     ; 9.709  ;        ;        ; 9.709  ;
; instruction[12] ; enMOVREGTOREG ;        ; 9.923  ; 9.923  ;        ;
; instruction[12] ; enNEG         ; 10.444 ;        ;        ; 10.444 ;
; instruction[12] ; enOUT         ;        ; 10.298 ; 10.298 ;        ;
; instruction[12] ; enROL         ; 11.395 ;        ;        ; 11.395 ;
; instruction[12] ; enROR         ; 10.215 ;        ;        ; 10.215 ;
; instruction[12] ; enXOR         ; 10.038 ;        ;        ; 10.038 ;
; instruction[13] ; enADD         ;        ; 11.154 ; 11.154 ;        ;
; instruction[13] ; enDEC         ; 12.652 ;        ;        ; 12.652 ;
; instruction[13] ; enINC         ; 12.653 ;        ;        ; 12.653 ;
; instruction[13] ; enMOVDATA     ; 10.034 ;        ;        ; 10.034 ;
; instruction[13] ; enMOVREGTOREG ;        ; 10.718 ; 10.718 ;        ;
; instruction[13] ; enNEG         ; 11.521 ;        ;        ; 11.521 ;
; instruction[13] ; enOUT         ; 12.412 ;        ;        ; 12.412 ;
; instruction[13] ; enROL         ;        ; 12.699 ; 12.699 ;        ;
; instruction[13] ; enROR         ;        ; 11.521 ; 11.521 ;        ;
; instruction[13] ; enXOR         ; 10.746 ;        ;        ; 10.746 ;
; instruction[14] ; enADD         ;        ; 10.715 ; 10.715 ;        ;
; instruction[14] ; enDEC         ; 12.136 ;        ;        ; 12.136 ;
; instruction[14] ; enINC         ; 12.137 ;        ;        ; 12.137 ;
; instruction[14] ; enMOVDATA     ;        ; 9.683  ; 9.683  ;        ;
; instruction[14] ; enMOVREGTOREG ;        ; 10.282 ; 10.282 ;        ;
; instruction[14] ; enNEG         ; 11.005 ;        ;        ; 11.005 ;
; instruction[14] ; enOUT         ; 11.896 ;        ;        ; 11.896 ;
; instruction[14] ; enROL         ; 12.637 ;        ;        ; 12.637 ;
; instruction[14] ; enROR         ; 11.464 ;        ;        ; 11.464 ;
; instruction[14] ; enXOR         ;        ; 10.401 ; 10.401 ;        ;
; instruction[15] ; enADD         ;        ; 10.918 ; 10.918 ;        ;
; instruction[15] ; enDEC         ; 10.886 ;        ;        ; 10.886 ;
; instruction[15] ; enINC         ; 10.887 ;        ;        ; 10.887 ;
; instruction[15] ; enMOVDATA     ; 10.164 ;        ;        ; 10.164 ;
; instruction[15] ; enMOVREGTOREG ; 10.486 ;        ;        ; 10.486 ;
; instruction[15] ; enNEG         ; 9.728  ;        ;        ; 9.728  ;
; instruction[15] ; enOUT         ; 10.646 ;        ;        ; 10.646 ;
; instruction[15] ; enROL         ; 11.340 ;        ;        ; 11.340 ;
; instruction[15] ; enROR         ; 10.160 ;        ;        ; 10.160 ;
; instruction[15] ; enXOR         ;        ; 9.859  ; 9.859  ;        ;
+-----------------+---------------+--------+--------+--------+--------+


----------------------------
; Fast Model Setup Summary ;
----------------------------
No paths to report.


---------------------------
; Fast Model Hold Summary ;
---------------------------
No paths to report.


-------------------------------
; Fast Model Recovery Summary ;
-------------------------------
No paths to report.


------------------------------
; Fast Model Removal Summary ;
------------------------------
No paths to report.


------------------------------------------
; Fast Model Minimum Pulse Width Summary ;
------------------------------------------
No paths to report.


+-----------------------------------------------------------------+
; Propagation Delay                                               ;
+-----------------+---------------+-------+-------+-------+-------+
; Input Port      ; Output Port   ; RR    ; RF    ; FR    ; FF    ;
+-----------------+---------------+-------+-------+-------+-------+
; instruction[3]  ; enDEC         ; 5.916 ;       ;       ; 5.916 ;
; instruction[3]  ; enINC         ;       ; 5.918 ; 5.918 ;       ;
; instruction[3]  ; enNEG         ; 5.729 ;       ;       ; 5.729 ;
; instruction[3]  ; enOUT         ;       ; 5.797 ; 5.797 ;       ;
; instruction[3]  ; enROL         ;       ; 6.141 ; 6.141 ;       ;
; instruction[3]  ; enROR         ; 5.581 ;       ;       ; 5.581 ;
; instruction[4]  ; enDEC         ;       ; 6.031 ; 6.031 ;       ;
; instruction[4]  ; enINC         ;       ; 6.031 ; 6.031 ;       ;
; instruction[4]  ; enNEG         ; 5.940 ;       ;       ; 5.940 ;
; instruction[4]  ; enOUT         ;       ; 5.918 ; 5.918 ;       ;
; instruction[4]  ; enROL         ;       ; 6.259 ; 6.259 ;       ;
; instruction[4]  ; enROR         ;       ; 5.691 ; 5.691 ;       ;
; instruction[5]  ; enDEC         ;       ; 6.677 ; 6.677 ;       ;
; instruction[5]  ; enINC         ;       ; 6.677 ; 6.677 ;       ;
; instruction[5]  ; enNEG         ;       ; 6.168 ; 6.168 ;       ;
; instruction[5]  ; enOUT         ;       ; 6.564 ; 6.564 ;       ;
; instruction[5]  ; enROL         ;       ; 6.699 ; 6.699 ;       ;
; instruction[5]  ; enROR         ;       ; 6.133 ; 6.133 ;       ;
; instruction[6]  ; enADD         ; 6.403 ;       ;       ; 6.403 ;
; instruction[6]  ; enDEC         ; 6.209 ;       ;       ; 6.209 ;
; instruction[6]  ; enINC         ; 6.209 ;       ;       ; 6.209 ;
; instruction[6]  ; enMOVREGTOREG ; 6.163 ;       ;       ; 6.163 ;
; instruction[6]  ; enNEG         ; 5.582 ;       ;       ; 5.582 ;
; instruction[6]  ; enOUT         ; 6.096 ;       ;       ; 6.096 ;
; instruction[6]  ; enROL         ; 7.439 ;       ;       ; 7.439 ;
; instruction[6]  ; enROR         ; 6.872 ;       ;       ; 6.872 ;
; instruction[6]  ; enXOR         ; 6.172 ;       ;       ; 6.172 ;
; instruction[7]  ; enADD         ; 6.389 ;       ;       ; 6.389 ;
; instruction[7]  ; enDEC         ; 6.195 ;       ;       ; 6.195 ;
; instruction[7]  ; enINC         ; 6.195 ;       ;       ; 6.195 ;
; instruction[7]  ; enMOVREGTOREG ; 6.149 ;       ;       ; 6.149 ;
; instruction[7]  ; enNEG         ; 5.568 ;       ;       ; 5.568 ;
; instruction[7]  ; enOUT         ; 6.082 ;       ;       ; 6.082 ;
; instruction[7]  ; enROL         ; 7.425 ;       ;       ; 7.425 ;
; instruction[7]  ; enROR         ; 6.858 ;       ;       ; 6.858 ;
; instruction[7]  ; enXOR         ; 6.158 ;       ;       ; 6.158 ;
; instruction[8]  ; enADD         ;       ; 6.381 ; 6.381 ;       ;
; instruction[8]  ; enDEC         ;       ; 6.187 ; 6.187 ;       ;
; instruction[8]  ; enINC         ;       ; 6.187 ; 6.187 ;       ;
; instruction[8]  ; enMOVREGTOREG ;       ; 6.141 ; 6.141 ;       ;
; instruction[8]  ; enNEG         ;       ; 5.560 ; 5.560 ;       ;
; instruction[8]  ; enOUT         ;       ; 6.074 ; 6.074 ;       ;
; instruction[8]  ; enROL         ;       ; 7.417 ; 7.417 ;       ;
; instruction[8]  ; enROR         ;       ; 6.850 ; 6.850 ;       ;
; instruction[8]  ; enXOR         ;       ; 6.150 ; 6.150 ;       ;
; instruction[9]  ; enADD         ;       ; 6.227 ; 6.227 ;       ;
; instruction[9]  ; enDEC         ; 6.059 ;       ;       ; 6.059 ;
; instruction[9]  ; enINC         ; 6.059 ;       ;       ; 6.059 ;
; instruction[9]  ; enMOVREGTOREG ;       ; 5.987 ; 5.987 ;       ;
; instruction[9]  ; enNEG         ; 5.432 ;       ;       ; 5.432 ;
; instruction[9]  ; enOUT         ; 5.946 ;       ;       ; 5.946 ;
; instruction[9]  ; enROL         ;       ; 7.263 ; 7.263 ;       ;
; instruction[9]  ; enROR         ;       ; 6.696 ; 6.696 ;       ;
; instruction[9]  ; enXOR         ;       ; 5.996 ; 5.996 ;       ;
; instruction[10] ; enADD         ;       ; 5.926 ; 5.926 ;       ;
; instruction[10] ; enDEC         ; 6.542 ;       ;       ; 6.542 ;
; instruction[10] ; enINC         ; 6.542 ;       ;       ; 6.542 ;
; instruction[10] ; enMOVREGTOREG ;       ; 5.679 ; 5.679 ;       ;
; instruction[10] ; enNEG         ; 6.033 ;       ;       ; 6.033 ;
; instruction[10] ; enOUT         ; 6.429 ;       ;       ; 6.429 ;
; instruction[10] ; enROL         ;       ; 6.672 ; 6.672 ;       ;
; instruction[10] ; enROR         ;       ; 6.105 ; 6.105 ;       ;
; instruction[10] ; enXOR         ;       ; 5.395 ; 5.395 ;       ;
; instruction[11] ; enADD         ;       ; 5.922 ; 5.922 ;       ;
; instruction[11] ; enDEC         ; 5.868 ;       ;       ; 5.868 ;
; instruction[11] ; enINC         ; 5.865 ;       ;       ; 5.865 ;
; instruction[11] ; enMOVDATA     ;       ; 5.857 ; 5.857 ;       ;
; instruction[11] ; enMOVREGTOREG ; 5.680 ;       ;       ; 5.680 ;
; instruction[11] ; enNEG         ;       ; 5.812 ; 5.812 ;       ;
; instruction[11] ; enOUT         ;       ; 5.750 ; 5.750 ;       ;
; instruction[11] ; enROL         ;       ; 6.269 ; 6.269 ;       ;
; instruction[11] ; enROR         ;       ; 5.701 ; 5.701 ;       ;
; instruction[11] ; enXOR         ;       ; 5.970 ; 5.970 ;       ;
; instruction[12] ; enADD         ;       ; 5.728 ; 5.728 ;       ;
; instruction[12] ; enDEC         ; 5.867 ;       ;       ; 5.867 ;
; instruction[12] ; enINC         ; 5.871 ;       ;       ; 5.871 ;
; instruction[12] ; enMOVDATA     ; 5.422 ;       ;       ; 5.422 ;
; instruction[12] ; enMOVREGTOREG ;       ; 5.485 ; 5.485 ;       ;
; instruction[12] ; enNEG         ; 5.812 ;       ;       ; 5.812 ;
; instruction[12] ; enOUT         ;       ; 5.729 ; 5.729 ;       ;
; instruction[12] ; enROL         ; 6.270 ;       ;       ; 6.270 ;
; instruction[12] ; enROR         ; 5.702 ;       ;       ; 5.702 ;
; instruction[12] ; enXOR         ; 5.536 ;       ;       ; 5.536 ;
; instruction[13] ; enADD         ;       ; 6.102 ; 6.102 ;       ;
; instruction[13] ; enDEC         ; 6.786 ;       ;       ; 6.786 ;
; instruction[13] ; enINC         ; 6.786 ;       ;       ; 6.786 ;
; instruction[13] ; enMOVDATA     ; 5.601 ;       ;       ; 5.601 ;
; instruction[13] ; enMOVREGTOREG ;       ; 5.851 ; 5.851 ;       ;
; instruction[13] ; enNEG         ; 6.277 ;       ;       ; 6.277 ;
; instruction[13] ; enOUT         ; 6.673 ;       ;       ; 6.673 ;
; instruction[13] ; enROL         ;       ; 6.849 ; 6.849 ;       ;
; instruction[13] ; enROR         ;       ; 6.282 ; 6.282 ;       ;
; instruction[13] ; enXOR         ; 5.870 ;       ;       ; 5.870 ;
; instruction[14] ; enADD         ;       ; 5.888 ; 5.888 ;       ;
; instruction[14] ; enDEC         ; 6.536 ;       ;       ; 6.536 ;
; instruction[14] ; enINC         ; 6.536 ;       ;       ; 6.536 ;
; instruction[14] ; enMOVDATA     ;       ; 5.424 ; 5.424 ;       ;
; instruction[14] ; enMOVREGTOREG ;       ; 5.645 ; 5.645 ;       ;
; instruction[14] ; enNEG         ; 6.027 ;       ;       ; 6.027 ;
; instruction[14] ; enOUT         ; 6.423 ;       ;       ; 6.423 ;
; instruction[14] ; enROL         ; 6.798 ;       ;       ; 6.798 ;
; instruction[14] ; enROR         ; 6.232 ;       ;       ; 6.232 ;
; instruction[14] ; enXOR         ;       ; 5.694 ; 5.694 ;       ;
; instruction[15] ; enADD         ;       ; 5.991 ; 5.991 ;       ;
; instruction[15] ; enDEC         ; 5.940 ;       ;       ; 5.940 ;
; instruction[15] ; enINC         ; 5.940 ;       ;       ; 5.940 ;
; instruction[15] ; enMOVDATA     ; 5.665 ;       ;       ; 5.665 ;
; instruction[15] ; enMOVREGTOREG ; 5.771 ;       ;       ; 5.771 ;
; instruction[15] ; enNEG         ; 5.431 ;       ;       ; 5.431 ;
; instruction[15] ; enOUT         ; 5.827 ;       ;       ; 5.827 ;
; instruction[15] ; enROL         ; 6.169 ;       ;       ; 6.169 ;
; instruction[15] ; enROR         ; 5.601 ;       ;       ; 5.601 ;
; instruction[15] ; enXOR         ;       ; 5.464 ; 5.464 ;       ;
+-----------------+---------------+-------+-------+-------+-------+


+-----------------------------------------------------------------+
; Minimum Propagation Delay                                       ;
+-----------------+---------------+-------+-------+-------+-------+
; Input Port      ; Output Port   ; RR    ; RF    ; FR    ; FF    ;
+-----------------+---------------+-------+-------+-------+-------+
; instruction[3]  ; enDEC         ; 5.916 ;       ;       ; 5.916 ;
; instruction[3]  ; enINC         ;       ; 5.918 ; 5.918 ;       ;
; instruction[3]  ; enNEG         ; 5.729 ;       ;       ; 5.729 ;
; instruction[3]  ; enOUT         ;       ; 5.797 ; 5.797 ;       ;
; instruction[3]  ; enROL         ;       ; 6.141 ; 6.141 ;       ;
; instruction[3]  ; enROR         ; 5.581 ;       ;       ; 5.581 ;
; instruction[4]  ; enDEC         ;       ; 6.031 ; 6.031 ;       ;
; instruction[4]  ; enINC         ;       ; 6.031 ; 6.031 ;       ;
; instruction[4]  ; enNEG         ; 5.940 ;       ;       ; 5.940 ;
; instruction[4]  ; enOUT         ;       ; 5.918 ; 5.918 ;       ;
; instruction[4]  ; enROL         ;       ; 6.259 ; 6.259 ;       ;
; instruction[4]  ; enROR         ;       ; 5.691 ; 5.691 ;       ;
; instruction[5]  ; enDEC         ;       ; 6.677 ; 6.677 ;       ;
; instruction[5]  ; enINC         ;       ; 6.677 ; 6.677 ;       ;
; instruction[5]  ; enNEG         ;       ; 6.168 ; 6.168 ;       ;
; instruction[5]  ; enOUT         ;       ; 6.564 ; 6.564 ;       ;
; instruction[5]  ; enROL         ;       ; 6.699 ; 6.699 ;       ;
; instruction[5]  ; enROR         ;       ; 6.133 ; 6.133 ;       ;
; instruction[6]  ; enADD         ; 6.403 ;       ;       ; 6.403 ;
; instruction[6]  ; enDEC         ; 6.209 ;       ;       ; 6.209 ;
; instruction[6]  ; enINC         ; 6.209 ;       ;       ; 6.209 ;
; instruction[6]  ; enMOVREGTOREG ; 6.163 ;       ;       ; 6.163 ;
; instruction[6]  ; enNEG         ; 5.582 ;       ;       ; 5.582 ;
; instruction[6]  ; enOUT         ; 6.096 ;       ;       ; 6.096 ;
; instruction[6]  ; enROL         ; 7.439 ;       ;       ; 7.439 ;
; instruction[6]  ; enROR         ; 6.872 ;       ;       ; 6.872 ;
; instruction[6]  ; enXOR         ; 6.172 ;       ;       ; 6.172 ;
; instruction[7]  ; enADD         ; 6.389 ;       ;       ; 6.389 ;
; instruction[7]  ; enDEC         ; 6.195 ;       ;       ; 6.195 ;
; instruction[7]  ; enINC         ; 6.195 ;       ;       ; 6.195 ;
; instruction[7]  ; enMOVREGTOREG ; 6.149 ;       ;       ; 6.149 ;
; instruction[7]  ; enNEG         ; 5.568 ;       ;       ; 5.568 ;
; instruction[7]  ; enOUT         ; 6.082 ;       ;       ; 6.082 ;
; instruction[7]  ; enROL         ; 7.425 ;       ;       ; 7.425 ;
; instruction[7]  ; enROR         ; 6.858 ;       ;       ; 6.858 ;
; instruction[7]  ; enXOR         ; 6.158 ;       ;       ; 6.158 ;
; instruction[8]  ; enADD         ;       ; 6.381 ; 6.381 ;       ;
; instruction[8]  ; enDEC         ;       ; 6.187 ; 6.187 ;       ;
; instruction[8]  ; enINC         ;       ; 6.187 ; 6.187 ;       ;
; instruction[8]  ; enMOVREGTOREG ;       ; 6.141 ; 6.141 ;       ;
; instruction[8]  ; enNEG         ;       ; 5.560 ; 5.560 ;       ;
; instruction[8]  ; enOUT         ;       ; 6.074 ; 6.074 ;       ;
; instruction[8]  ; enROL         ;       ; 7.417 ; 7.417 ;       ;
; instruction[8]  ; enROR         ;       ; 6.850 ; 6.850 ;       ;
; instruction[8]  ; enXOR         ;       ; 6.150 ; 6.150 ;       ;
; instruction[9]  ; enADD         ;       ; 6.227 ; 6.227 ;       ;
; instruction[9]  ; enDEC         ; 6.059 ;       ;       ; 6.059 ;
; instruction[9]  ; enINC         ; 6.059 ;       ;       ; 6.059 ;
; instruction[9]  ; enMOVREGTOREG ;       ; 5.987 ; 5.987 ;       ;
; instruction[9]  ; enNEG         ; 5.432 ;       ;       ; 5.432 ;
; instruction[9]  ; enOUT         ; 5.946 ;       ;       ; 5.946 ;
; instruction[9]  ; enROL         ;       ; 7.263 ; 7.263 ;       ;
; instruction[9]  ; enROR         ;       ; 6.696 ; 6.696 ;       ;
; instruction[9]  ; enXOR         ;       ; 5.996 ; 5.996 ;       ;
; instruction[10] ; enADD         ;       ; 5.926 ; 5.926 ;       ;
; instruction[10] ; enDEC         ; 6.542 ;       ;       ; 6.542 ;
; instruction[10] ; enINC         ; 6.542 ;       ;       ; 6.542 ;
; instruction[10] ; enMOVREGTOREG ;       ; 5.679 ; 5.679 ;       ;
; instruction[10] ; enNEG         ; 6.033 ;       ;       ; 6.033 ;
; instruction[10] ; enOUT         ; 6.429 ;       ;       ; 6.429 ;
; instruction[10] ; enROL         ;       ; 6.672 ; 6.672 ;       ;
; instruction[10] ; enROR         ;       ; 6.105 ; 6.105 ;       ;
; instruction[10] ; enXOR         ;       ; 5.395 ; 5.395 ;       ;
; instruction[11] ; enADD         ;       ; 5.922 ; 5.922 ;       ;
; instruction[11] ; enDEC         ; 5.868 ;       ;       ; 5.868 ;
; instruction[11] ; enINC         ; 5.865 ;       ;       ; 5.865 ;
; instruction[11] ; enMOVDATA     ;       ; 5.857 ; 5.857 ;       ;
; instruction[11] ; enMOVREGTOREG ; 5.680 ;       ;       ; 5.680 ;
; instruction[11] ; enNEG         ;       ; 5.812 ; 5.812 ;       ;
; instruction[11] ; enOUT         ;       ; 5.750 ; 5.750 ;       ;
; instruction[11] ; enROL         ;       ; 6.269 ; 6.269 ;       ;
; instruction[11] ; enROR         ;       ; 5.701 ; 5.701 ;       ;
; instruction[11] ; enXOR         ;       ; 5.970 ; 5.970 ;       ;
; instruction[12] ; enADD         ;       ; 5.728 ; 5.728 ;       ;
; instruction[12] ; enDEC         ; 5.867 ;       ;       ; 5.867 ;
; instruction[12] ; enINC         ; 5.871 ;       ;       ; 5.871 ;
; instruction[12] ; enMOVDATA     ; 5.422 ;       ;       ; 5.422 ;
; instruction[12] ; enMOVREGTOREG ;       ; 5.485 ; 5.485 ;       ;
; instruction[12] ; enNEG         ; 5.812 ;       ;       ; 5.812 ;
; instruction[12] ; enOUT         ;       ; 5.729 ; 5.729 ;       ;
; instruction[12] ; enROL         ; 6.270 ;       ;       ; 6.270 ;
; instruction[12] ; enROR         ; 5.702 ;       ;       ; 5.702 ;
; instruction[12] ; enXOR         ; 5.536 ;       ;       ; 5.536 ;
; instruction[13] ; enADD         ;       ; 6.102 ; 6.102 ;       ;
; instruction[13] ; enDEC         ; 6.786 ;       ;       ; 6.786 ;
; instruction[13] ; enINC         ; 6.786 ;       ;       ; 6.786 ;
; instruction[13] ; enMOVDATA     ; 5.601 ;       ;       ; 5.601 ;
; instruction[13] ; enMOVREGTOREG ;       ; 5.851 ; 5.851 ;       ;
; instruction[13] ; enNEG         ; 6.277 ;       ;       ; 6.277 ;
; instruction[13] ; enOUT         ; 6.673 ;       ;       ; 6.673 ;
; instruction[13] ; enROL         ;       ; 6.849 ; 6.849 ;       ;
; instruction[13] ; enROR         ;       ; 6.282 ; 6.282 ;       ;
; instruction[13] ; enXOR         ; 5.870 ;       ;       ; 5.870 ;
; instruction[14] ; enADD         ;       ; 5.888 ; 5.888 ;       ;
; instruction[14] ; enDEC         ; 6.536 ;       ;       ; 6.536 ;
; instruction[14] ; enINC         ; 6.536 ;       ;       ; 6.536 ;
; instruction[14] ; enMOVDATA     ;       ; 5.424 ; 5.424 ;       ;
; instruction[14] ; enMOVREGTOREG ;       ; 5.645 ; 5.645 ;       ;
; instruction[14] ; enNEG         ; 6.027 ;       ;       ; 6.027 ;
; instruction[14] ; enOUT         ; 6.423 ;       ;       ; 6.423 ;
; instruction[14] ; enROL         ; 6.798 ;       ;       ; 6.798 ;
; instruction[14] ; enROR         ; 6.232 ;       ;       ; 6.232 ;
; instruction[14] ; enXOR         ;       ; 5.694 ; 5.694 ;       ;
; instruction[15] ; enADD         ;       ; 5.991 ; 5.991 ;       ;
; instruction[15] ; enDEC         ; 5.940 ;       ;       ; 5.940 ;
; instruction[15] ; enINC         ; 5.940 ;       ;       ; 5.940 ;
; instruction[15] ; enMOVDATA     ; 5.665 ;       ;       ; 5.665 ;
; instruction[15] ; enMOVREGTOREG ; 5.771 ;       ;       ; 5.771 ;
; instruction[15] ; enNEG         ; 5.431 ;       ;       ; 5.431 ;
; instruction[15] ; enOUT         ; 5.827 ;       ;       ; 5.827 ;
; instruction[15] ; enROL         ; 6.169 ;       ;       ; 6.169 ;
; instruction[15] ; enROR         ; 5.601 ;       ;       ; 5.601 ;
; instruction[15] ; enXOR         ;       ; 5.464 ; 5.464 ;       ;
+-----------------+---------------+-------+-------+-------+-------+


+----------------------------------------------------------------------------+
; Multicorner Timing Analysis Summary                                        ;
+------------------+-------+------+----------+---------+---------------------+
; Clock            ; Setup ; Hold ; Recovery ; Removal ; Minimum Pulse Width ;
+------------------+-------+------+----------+---------+---------------------+
; Worst-case Slack ; N/A   ; N/A  ; N/A      ; N/A     ; N/A                 ;
; Design-wide TNS  ; 0.0   ; 0.0  ; 0.0      ; 0.0     ; 0.0                 ;
+------------------+-------+------+----------+---------+---------------------+


+---------------------------------------------------------------------+
; Progagation Delay                                                   ;
+-----------------+---------------+--------+--------+--------+--------+
; Input Port      ; Output Port   ; RR     ; RF     ; FR     ; FF     ;
+-----------------+---------------+--------+--------+--------+--------+
; instruction[3]  ; enDEC         ; 10.623 ;        ;        ; 10.623 ;
; instruction[3]  ; enINC         ;        ; 10.620 ; 10.620 ;        ;
; instruction[3]  ; enNEG         ; 10.255 ;        ;        ; 10.255 ;
; instruction[3]  ; enOUT         ;        ; 10.372 ; 10.372 ;        ;
; instruction[3]  ; enROL         ;        ; 11.066 ; 11.066 ;        ;
; instruction[3]  ; enROR         ; 9.898  ;        ;        ; 9.898  ;
; instruction[4]  ; enDEC         ;        ; 11.000 ; 11.000 ;        ;
; instruction[4]  ; enINC         ;        ; 11.001 ; 11.001 ;        ;
; instruction[4]  ; enNEG         ; 10.786 ;        ;        ; 10.786 ;
; instruction[4]  ; enOUT         ;        ; 10.760 ; 10.760 ;        ;
; instruction[4]  ; enROL         ;        ; 11.453 ; 11.453 ;        ;
; instruction[4]  ; enROR         ;        ; 10.273 ; 10.273 ;        ;
; instruction[5]  ; enDEC         ;        ; 12.419 ; 12.419 ;        ;
; instruction[5]  ; enINC         ;        ; 12.420 ; 12.420 ;        ;
; instruction[5]  ; enNEG         ;        ; 11.288 ; 11.288 ;        ;
; instruction[5]  ; enOUT         ;        ; 12.179 ; 12.179 ;        ;
; instruction[5]  ; enROL         ;        ; 12.444 ; 12.444 ;        ;
; instruction[5]  ; enROR         ;        ; 11.271 ; 11.271 ;        ;
; instruction[6]  ; enADD         ; 11.834 ;        ;        ; 11.834 ;
; instruction[6]  ; enDEC         ; 11.505 ;        ;        ; 11.505 ;
; instruction[6]  ; enINC         ; 11.506 ;        ;        ; 11.506 ;
; instruction[6]  ; enMOVREGTOREG ; 11.402 ;        ;        ; 11.402 ;
; instruction[6]  ; enNEG         ; 10.103 ;        ;        ; 10.103 ;
; instruction[6]  ; enOUT         ; 11.265 ;        ;        ; 11.265 ;
; instruction[6]  ; enROL         ; 14.018 ;        ;        ; 14.018 ;
; instruction[6]  ; enROR         ; 12.840 ;        ;        ; 12.840 ;
; instruction[6]  ; enXOR         ; 11.418 ;        ;        ; 11.418 ;
; instruction[7]  ; enADD         ; 11.818 ;        ;        ; 11.818 ;
; instruction[7]  ; enDEC         ; 11.484 ;        ;        ; 11.484 ;
; instruction[7]  ; enINC         ; 11.485 ;        ;        ; 11.485 ;
; instruction[7]  ; enMOVREGTOREG ; 11.386 ;        ;        ; 11.386 ;
; instruction[7]  ; enNEG         ; 10.082 ;        ;        ; 10.082 ;
; instruction[7]  ; enOUT         ; 11.244 ;        ;        ; 11.244 ;
; instruction[7]  ; enROL         ; 14.002 ;        ;        ; 14.002 ;
; instruction[7]  ; enROR         ; 12.824 ;        ;        ; 12.824 ;
; instruction[7]  ; enXOR         ; 11.402 ;        ;        ; 11.402 ;
; instruction[8]  ; enADD         ;        ; 11.694 ; 11.694 ;        ;
; instruction[8]  ; enDEC         ;        ; 11.360 ; 11.360 ;        ;
; instruction[8]  ; enINC         ;        ; 11.361 ; 11.361 ;        ;
; instruction[8]  ; enMOVREGTOREG ;        ; 11.262 ; 11.262 ;        ;
; instruction[8]  ; enNEG         ;        ; 9.958  ; 9.958  ;        ;
; instruction[8]  ; enOUT         ;        ; 11.120 ; 11.120 ;        ;
; instruction[8]  ; enROL         ;        ; 13.878 ; 13.878 ;        ;
; instruction[8]  ; enROR         ;        ; 12.700 ; 12.700 ;        ;
; instruction[8]  ; enXOR         ;        ; 11.278 ; 11.278 ;        ;
; instruction[9]  ; enADD         ;        ; 11.475 ; 11.475 ;        ;
; instruction[9]  ; enDEC         ; 11.141 ;        ;        ; 11.141 ;
; instruction[9]  ; enINC         ; 11.142 ;        ;        ; 11.142 ;
; instruction[9]  ; enMOVREGTOREG ;        ; 11.043 ; 11.043 ;        ;
; instruction[9]  ; enNEG         ; 9.739  ;        ;        ; 9.739  ;
; instruction[9]  ; enOUT         ; 10.901 ;        ;        ; 10.901 ;
; instruction[9]  ; enROL         ;        ; 13.659 ; 13.659 ;        ;
; instruction[9]  ; enROR         ;        ; 12.481 ; 12.481 ;        ;
; instruction[9]  ; enXOR         ;        ; 11.059 ; 11.059 ;        ;
; instruction[10] ; enADD         ;        ; 10.764 ; 10.764 ;        ;
; instruction[10] ; enDEC         ; 12.100 ;        ;        ; 12.100 ;
; instruction[10] ; enINC         ; 12.101 ;        ;        ; 12.101 ;
; instruction[10] ; enMOVREGTOREG ;        ; 10.330 ; 10.330 ;        ;
; instruction[10] ; enNEG         ; 10.969 ;        ;        ; 10.969 ;
; instruction[10] ; enOUT         ; 11.860 ;        ;        ; 11.860 ;
; instruction[10] ; enROL         ;        ; 12.308 ; 12.308 ;        ;
; instruction[10] ; enROR         ;        ; 11.130 ; 11.130 ;        ;
; instruction[10] ; enXOR         ;        ; 9.701  ; 9.701  ;        ;
; instruction[11] ; enADD         ;        ; 10.693 ; 10.693 ;        ;
; instruction[11] ; enDEC         ; 10.662 ;        ;        ; 10.662 ;
; instruction[11] ; enINC         ; 10.653 ;        ;        ; 10.653 ;
; instruction[11] ; enMOVDATA     ;        ; 10.574 ; 10.574 ;        ;
; instruction[11] ; enMOVREGTOREG ; 10.265 ;        ;        ; 10.265 ;
; instruction[11] ; enNEG         ;        ; 10.545 ; 10.545 ;        ;
; instruction[11] ; enOUT         ;        ; 10.398 ; 10.398 ;        ;
; instruction[11] ; enROL         ;        ; 11.503 ; 11.503 ;        ;
; instruction[11] ; enROR         ;        ; 10.323 ; 10.323 ;        ;
; instruction[11] ; enXOR         ;        ; 10.904 ; 10.904 ;        ;
; instruction[12] ; enADD         ;        ; 10.356 ; 10.356 ;        ;
; instruction[12] ; enDEC         ; 10.539 ;        ;        ; 10.539 ;
; instruction[12] ; enINC         ; 10.542 ;        ;        ; 10.542 ;
; instruction[12] ; enMOVDATA     ; 9.709  ;        ;        ; 9.709  ;
; instruction[12] ; enMOVREGTOREG ;        ; 9.923  ; 9.923  ;        ;
; instruction[12] ; enNEG         ; 10.444 ;        ;        ; 10.444 ;
; instruction[12] ; enOUT         ;        ; 10.298 ; 10.298 ;        ;
; instruction[12] ; enROL         ; 11.395 ;        ;        ; 11.395 ;
; instruction[12] ; enROR         ; 10.215 ;        ;        ; 10.215 ;
; instruction[12] ; enXOR         ; 10.038 ;        ;        ; 10.038 ;
; instruction[13] ; enADD         ;        ; 11.154 ; 11.154 ;        ;
; instruction[13] ; enDEC         ; 12.652 ;        ;        ; 12.652 ;
; instruction[13] ; enINC         ; 12.653 ;        ;        ; 12.653 ;
; instruction[13] ; enMOVDATA     ; 10.034 ;        ;        ; 10.034 ;
; instruction[13] ; enMOVREGTOREG ;        ; 10.718 ; 10.718 ;        ;
; instruction[13] ; enNEG         ; 11.521 ;        ;        ; 11.521 ;
; instruction[13] ; enOUT         ; 12.412 ;        ;        ; 12.412 ;
; instruction[13] ; enROL         ;        ; 12.699 ; 12.699 ;        ;
; instruction[13] ; enROR         ;        ; 11.521 ; 11.521 ;        ;
; instruction[13] ; enXOR         ; 10.746 ;        ;        ; 10.746 ;
; instruction[14] ; enADD         ;        ; 10.715 ; 10.715 ;        ;
; instruction[14] ; enDEC         ; 12.136 ;        ;        ; 12.136 ;
; instruction[14] ; enINC         ; 12.137 ;        ;        ; 12.137 ;
; instruction[14] ; enMOVDATA     ;        ; 9.683  ; 9.683  ;        ;
; instruction[14] ; enMOVREGTOREG ;        ; 10.282 ; 10.282 ;        ;
; instruction[14] ; enNEG         ; 11.005 ;        ;        ; 11.005 ;
; instruction[14] ; enOUT         ; 11.896 ;        ;        ; 11.896 ;
; instruction[14] ; enROL         ; 12.637 ;        ;        ; 12.637 ;
; instruction[14] ; enROR         ; 11.464 ;        ;        ; 11.464 ;
; instruction[14] ; enXOR         ;        ; 10.401 ; 10.401 ;        ;
; instruction[15] ; enADD         ;        ; 10.918 ; 10.918 ;        ;
; instruction[15] ; enDEC         ; 10.886 ;        ;        ; 10.886 ;
; instruction[15] ; enINC         ; 10.887 ;        ;        ; 10.887 ;
; instruction[15] ; enMOVDATA     ; 10.164 ;        ;        ; 10.164 ;
; instruction[15] ; enMOVREGTOREG ; 10.486 ;        ;        ; 10.486 ;
; instruction[15] ; enNEG         ; 9.728  ;        ;        ; 9.728  ;
; instruction[15] ; enOUT         ; 10.646 ;        ;        ; 10.646 ;
; instruction[15] ; enROL         ; 11.340 ;        ;        ; 11.340 ;
; instruction[15] ; enROR         ; 10.160 ;        ;        ; 10.160 ;
; instruction[15] ; enXOR         ;        ; 9.859  ; 9.859  ;        ;
+-----------------+---------------+--------+--------+--------+--------+


+-----------------------------------------------------------------+
; Minimum Progagation Delay                                       ;
+-----------------+---------------+-------+-------+-------+-------+
; Input Port      ; Output Port   ; RR    ; RF    ; FR    ; FF    ;
+-----------------+---------------+-------+-------+-------+-------+
; instruction[3]  ; enDEC         ; 5.916 ;       ;       ; 5.916 ;
; instruction[3]  ; enINC         ;       ; 5.918 ; 5.918 ;       ;
; instruction[3]  ; enNEG         ; 5.729 ;       ;       ; 5.729 ;
; instruction[3]  ; enOUT         ;       ; 5.797 ; 5.797 ;       ;
; instruction[3]  ; enROL         ;       ; 6.141 ; 6.141 ;       ;
; instruction[3]  ; enROR         ; 5.581 ;       ;       ; 5.581 ;
; instruction[4]  ; enDEC         ;       ; 6.031 ; 6.031 ;       ;
; instruction[4]  ; enINC         ;       ; 6.031 ; 6.031 ;       ;
; instruction[4]  ; enNEG         ; 5.940 ;       ;       ; 5.940 ;
; instruction[4]  ; enOUT         ;       ; 5.918 ; 5.918 ;       ;
; instruction[4]  ; enROL         ;       ; 6.259 ; 6.259 ;       ;
; instruction[4]  ; enROR         ;       ; 5.691 ; 5.691 ;       ;
; instruction[5]  ; enDEC         ;       ; 6.677 ; 6.677 ;       ;
; instruction[5]  ; enINC         ;       ; 6.677 ; 6.677 ;       ;
; instruction[5]  ; enNEG         ;       ; 6.168 ; 6.168 ;       ;
; instruction[5]  ; enOUT         ;       ; 6.564 ; 6.564 ;       ;
; instruction[5]  ; enROL         ;       ; 6.699 ; 6.699 ;       ;
; instruction[5]  ; enROR         ;       ; 6.133 ; 6.133 ;       ;
; instruction[6]  ; enADD         ; 6.403 ;       ;       ; 6.403 ;
; instruction[6]  ; enDEC         ; 6.209 ;       ;       ; 6.209 ;
; instruction[6]  ; enINC         ; 6.209 ;       ;       ; 6.209 ;
; instruction[6]  ; enMOVREGTOREG ; 6.163 ;       ;       ; 6.163 ;
; instruction[6]  ; enNEG         ; 5.582 ;       ;       ; 5.582 ;
; instruction[6]  ; enOUT         ; 6.096 ;       ;       ; 6.096 ;
; instruction[6]  ; enROL         ; 7.439 ;       ;       ; 7.439 ;
; instruction[6]  ; enROR         ; 6.872 ;       ;       ; 6.872 ;
; instruction[6]  ; enXOR         ; 6.172 ;       ;       ; 6.172 ;
; instruction[7]  ; enADD         ; 6.389 ;       ;       ; 6.389 ;
; instruction[7]  ; enDEC         ; 6.195 ;       ;       ; 6.195 ;
; instruction[7]  ; enINC         ; 6.195 ;       ;       ; 6.195 ;
; instruction[7]  ; enMOVREGTOREG ; 6.149 ;       ;       ; 6.149 ;
; instruction[7]  ; enNEG         ; 5.568 ;       ;       ; 5.568 ;
; instruction[7]  ; enOUT         ; 6.082 ;       ;       ; 6.082 ;
; instruction[7]  ; enROL         ; 7.425 ;       ;       ; 7.425 ;
; instruction[7]  ; enROR         ; 6.858 ;       ;       ; 6.858 ;
; instruction[7]  ; enXOR         ; 6.158 ;       ;       ; 6.158 ;
; instruction[8]  ; enADD         ;       ; 6.381 ; 6.381 ;       ;
; instruction[8]  ; enDEC         ;       ; 6.187 ; 6.187 ;       ;
; instruction[8]  ; enINC         ;       ; 6.187 ; 6.187 ;       ;
; instruction[8]  ; enMOVREGTOREG ;       ; 6.141 ; 6.141 ;       ;
; instruction[8]  ; enNEG         ;       ; 5.560 ; 5.560 ;       ;
; instruction[8]  ; enOUT         ;       ; 6.074 ; 6.074 ;       ;
; instruction[8]  ; enROL         ;       ; 7.417 ; 7.417 ;       ;
; instruction[8]  ; enROR         ;       ; 6.850 ; 6.850 ;       ;
; instruction[8]  ; enXOR         ;       ; 6.150 ; 6.150 ;       ;
; instruction[9]  ; enADD         ;       ; 6.227 ; 6.227 ;       ;
; instruction[9]  ; enDEC         ; 6.059 ;       ;       ; 6.059 ;
; instruction[9]  ; enINC         ; 6.059 ;       ;       ; 6.059 ;
; instruction[9]  ; enMOVREGTOREG ;       ; 5.987 ; 5.987 ;       ;
; instruction[9]  ; enNEG         ; 5.432 ;       ;       ; 5.432 ;
; instruction[9]  ; enOUT         ; 5.946 ;       ;       ; 5.946 ;
; instruction[9]  ; enROL         ;       ; 7.263 ; 7.263 ;       ;
; instruction[9]  ; enROR         ;       ; 6.696 ; 6.696 ;       ;
; instruction[9]  ; enXOR         ;       ; 5.996 ; 5.996 ;       ;
; instruction[10] ; enADD         ;       ; 5.926 ; 5.926 ;       ;
; instruction[10] ; enDEC         ; 6.542 ;       ;       ; 6.542 ;
; instruction[10] ; enINC         ; 6.542 ;       ;       ; 6.542 ;
; instruction[10] ; enMOVREGTOREG ;       ; 5.679 ; 5.679 ;       ;
; instruction[10] ; enNEG         ; 6.033 ;       ;       ; 6.033 ;
; instruction[10] ; enOUT         ; 6.429 ;       ;       ; 6.429 ;
; instruction[10] ; enROL         ;       ; 6.672 ; 6.672 ;       ;
; instruction[10] ; enROR         ;       ; 6.105 ; 6.105 ;       ;
; instruction[10] ; enXOR         ;       ; 5.395 ; 5.395 ;       ;
; instruction[11] ; enADD         ;       ; 5.922 ; 5.922 ;       ;
; instruction[11] ; enDEC         ; 5.868 ;       ;       ; 5.868 ;
; instruction[11] ; enINC         ; 5.865 ;       ;       ; 5.865 ;
; instruction[11] ; enMOVDATA     ;       ; 5.857 ; 5.857 ;       ;
; instruction[11] ; enMOVREGTOREG ; 5.680 ;       ;       ; 5.680 ;
; instruction[11] ; enNEG         ;       ; 5.812 ; 5.812 ;       ;
; instruction[11] ; enOUT         ;       ; 5.750 ; 5.750 ;       ;
; instruction[11] ; enROL         ;       ; 6.269 ; 6.269 ;       ;
; instruction[11] ; enROR         ;       ; 5.701 ; 5.701 ;       ;
; instruction[11] ; enXOR         ;       ; 5.970 ; 5.970 ;       ;
; instruction[12] ; enADD         ;       ; 5.728 ; 5.728 ;       ;
; instruction[12] ; enDEC         ; 5.867 ;       ;       ; 5.867 ;
; instruction[12] ; enINC         ; 5.871 ;       ;       ; 5.871 ;
; instruction[12] ; enMOVDATA     ; 5.422 ;       ;       ; 5.422 ;
; instruction[12] ; enMOVREGTOREG ;       ; 5.485 ; 5.485 ;       ;
; instruction[12] ; enNEG         ; 5.812 ;       ;       ; 5.812 ;
; instruction[12] ; enOUT         ;       ; 5.729 ; 5.729 ;       ;
; instruction[12] ; enROL         ; 6.270 ;       ;       ; 6.270 ;
; instruction[12] ; enROR         ; 5.702 ;       ;       ; 5.702 ;
; instruction[12] ; enXOR         ; 5.536 ;       ;       ; 5.536 ;
; instruction[13] ; enADD         ;       ; 6.102 ; 6.102 ;       ;
; instruction[13] ; enDEC         ; 6.786 ;       ;       ; 6.786 ;
; instruction[13] ; enINC         ; 6.786 ;       ;       ; 6.786 ;
; instruction[13] ; enMOVDATA     ; 5.601 ;       ;       ; 5.601 ;
; instruction[13] ; enMOVREGTOREG ;       ; 5.851 ; 5.851 ;       ;
; instruction[13] ; enNEG         ; 6.277 ;       ;       ; 6.277 ;
; instruction[13] ; enOUT         ; 6.673 ;       ;       ; 6.673 ;
; instruction[13] ; enROL         ;       ; 6.849 ; 6.849 ;       ;
; instruction[13] ; enROR         ;       ; 6.282 ; 6.282 ;       ;
; instruction[13] ; enXOR         ; 5.870 ;       ;       ; 5.870 ;
; instruction[14] ; enADD         ;       ; 5.888 ; 5.888 ;       ;
; instruction[14] ; enDEC         ; 6.536 ;       ;       ; 6.536 ;
; instruction[14] ; enINC         ; 6.536 ;       ;       ; 6.536 ;
; instruction[14] ; enMOVDATA     ;       ; 5.424 ; 5.424 ;       ;
; instruction[14] ; enMOVREGTOREG ;       ; 5.645 ; 5.645 ;       ;
; instruction[14] ; enNEG         ; 6.027 ;       ;       ; 6.027 ;
; instruction[14] ; enOUT         ; 6.423 ;       ;       ; 6.423 ;
; instruction[14] ; enROL         ; 6.798 ;       ;       ; 6.798 ;
; instruction[14] ; enROR         ; 6.232 ;       ;       ; 6.232 ;
; instruction[14] ; enXOR         ;       ; 5.694 ; 5.694 ;       ;
; instruction[15] ; enADD         ;       ; 5.991 ; 5.991 ;       ;
; instruction[15] ; enDEC         ; 5.940 ;       ;       ; 5.940 ;
; instruction[15] ; enINC         ; 5.940 ;       ;       ; 5.940 ;
; instruction[15] ; enMOVDATA     ; 5.665 ;       ;       ; 5.665 ;
; instruction[15] ; enMOVREGTOREG ; 5.771 ;       ;       ; 5.771 ;
; instruction[15] ; enNEG         ; 5.431 ;       ;       ; 5.431 ;
; instruction[15] ; enOUT         ; 5.827 ;       ;       ; 5.827 ;
; instruction[15] ; enROL         ; 6.169 ;       ;       ; 6.169 ;
; instruction[15] ; enROR         ; 5.601 ;       ;       ; 5.601 ;
; instruction[15] ; enXOR         ;       ; 5.464 ; 5.464 ;       ;
+-----------------+---------------+-------+-------+-------+-------+


-------------------
; Clock Transfers ;
-------------------
Nothing to report.


---------------
; Report TCCS ;
---------------
No dedicated SERDES Transmitter circuitry present in device or used in design


---------------
; Report RSKM ;
---------------
No dedicated SERDES Receiver circuitry present in device or used in design


+------------------------------------------------+
; Unconstrained Paths                            ;
+---------------------------------+-------+------+
; Property                        ; Setup ; Hold ;
+---------------------------------+-------+------+
; Illegal Clocks                  ; 0     ; 0    ;
; Unconstrained Clocks            ; 0     ; 0    ;
; Unconstrained Input Ports       ; 13    ; 13   ;
; Unconstrained Input Port Paths  ; 113   ; 113  ;
; Unconstrained Output Ports      ; 10    ; 10   ;
; Unconstrained Output Port Paths ; 113   ; 113  ;
+---------------------------------+-------+------+


+------------------------------------+
; TimeQuest Timing Analyzer Messages ;
+------------------------------------+
Info: *******************************************************************
Info: Running Quartus II 64-Bit TimeQuest Timing Analyzer
    Info: Version 13.0.1 Build 232 06/12/2013 Service Pack 1 SJ Web Edition
    Info: Processing started: Sat Apr 29 19:58:48 2017
Info: Command: quartus_sta LogicProject -c LogicProject
Info: qsta_default_script.tcl version: #1
Warning (20028): Parallel compilation is not licensed and has been disabled
Critical Warning (332012): Synopsys Design Constraints File file not found: 'LogicProject.sdc'. A Synopsys Design Constraints File is required by the TimeQuest Timing Analyzer to get proper timing constraints. Without it, the Compiler will not properly optimize the design.
Info (332142): No user constrained base clocks found in the design. Calling "derive_clocks -period 1.0"
Info (332096): The command derive_clocks did not find any clocks to derive.  No clocks were created or changed.
Warning (332068): No clocks defined in design.
Info: Found TIMEQUEST_REPORT_SCRIPT_INCLUDE_DEFAULT_ANALYSIS = ON
Info (332159): No clocks to report
Info: Analyzing Slow Model
Info (332140): No fmax paths to report
Info (332140): No Setup paths to report
Info (332140): No Hold paths to report
Info (332140): No Recovery paths to report
Info (332140): No Removal paths to report
Info (332140): No Minimum Pulse Width paths to report
Info (332001): The selected device family is not supported by the report_metastability command.
Info: Analyzing Fast Model
Info (332142): No user constrained base clocks found in the design. Calling "derive_clocks -period 1.0"
Info (332096): The command derive_clocks did not find any clocks to derive.  No clocks were created or changed.
Warning (332068): No clocks defined in design.
Info (332140): No Setup paths to report
Info (332140): No Hold paths to report
Info (332140): No Recovery paths to report
Info (332140): No Removal paths to report
Info (332140): No Minimum Pulse Width paths to report
Info (332001): The selected device family is not supported by the report_metastability command.
Info (332102): Design is not fully constrained for setup requirements
Info (332102): Design is not fully constrained for hold requirements
Info: Quartus II 64-Bit TimeQuest Timing Analyzer was successful. 0 errors, 4 warnings
    Info: Peak virtual memory: 421 megabytes
    Info: Processing ended: Sat Apr 29 19:58:50 2017
    Info: Elapsed time: 00:00:02
    Info: Total CPU time (on all processors): 00:00:01


